Repository Activity Log
========================
This file tracks automated daily updates from GitHub Actions.

Initial setup completed. Workflow is ready to run.
Repository updated: 2025-10-27 10:58:39 UTC
Repository updated: 2025-10-28 09:15:29 UTC
Repository updated: 2025-10-29 09:15:04 UTC
Repository updated: 2025-10-30 09:15:53 UTC
Repository updated: 2025-10-31 09:15:34 UTC
Repository updated: 2025-11-01 09:13:30 UTC
Repository updated: 2025-11-02 09:12:53 UTC
Repository updated: 2025-11-03 09:17:45 UTC
Repository updated: 2025-11-04 09:16:45 UTC
Repository updated: 2025-11-05 09:16:26 UTC
Repository updated: 2025-11-06 09:16:15 UTC
Repository updated: 2025-11-07 09:15:00 UTC
Repository updated: 2025-11-08 09:13:07 UTC
Repository updated: 2025-11-09 09:12:59 UTC
Repository updated: 2025-11-10 09:17:46 UTC
Repository updated: 2025-11-11 09:16:25 UTC
Repository updated: 2025-11-12 09:16:25 UTC
Repository updated: 2025-11-13 09:16:43 UTC
Repository updated: 2025-11-14 09:15:46 UTC
Repository updated: 2025-11-15 09:13:13 UTC
Repository updated: 2025-11-16 09:13:35 UTC
Repository updated: 2025-11-17 09:19:01 UTC
Repository updated: 2025-11-18 09:16:39 UTC
Repository updated: 2025-11-19 09:16:43 UTC
Repository updated: 2025-11-20 09:15:33 UTC
Repository updated: 2025-11-21 09:15:28 UTC
Repository updated: 2025-11-22 09:13:33 UTC
Repository updated: 2025-11-23 09:13:39 UTC
Repository updated: 2025-11-24 09:18:46 UTC
Repository updated: 2025-11-25 09:17:34 UTC
Repository updated: 2025-11-26 09:17:04 UTC
Repository updated: 2025-11-27 09:17:03 UTC
Repository updated: 2025-11-28 09:16:06 UTC
Repository updated: 2025-11-29 09:14:02 UTC
Repository updated: 2025-11-30 09:13:39 UTC
Repository updated: 2025-12-01 09:21:59 UTC
Repository updated: 2025-12-02 09:20:26 UTC
Repository updated: 2025-12-03 09:18:53 UTC
Repository updated: 2025-12-04 09:18:53 UTC
Repository updated: 2025-12-05 09:16:16 UTC
Repository updated: 2025-12-06 09:14:29 UTC
Repository updated: 2025-12-07 09:13:59 UTC
Repository updated: 2025-12-08 09:22:18 UTC
Repository updated: 2025-12-09 09:18:20 UTC
Repository updated: 2025-12-10 09:18:29 UTC
Repository updated: 2025-12-11 09:20:10 UTC
Repository updated: 2025-12-12 09:19:28 UTC
Repository updated: 2025-12-13 09:14:27 UTC
Repository updated: 2025-12-14 09:14:46 UTC
Repository updated: 2025-12-15 09:26:19 UTC
Repository updated: 2025-12-16 09:20:50 UTC
Repository updated: 2025-12-17 09:22:15 UTC
Repository updated: 2025-12-18 09:20:50 UTC
Repository updated: 2025-12-19 09:18:25 UTC
Repository updated: 2025-12-20 09:14:32 UTC
Repository updated: 2025-12-21 09:15:07 UTC
Repository updated: 2025-12-22 09:22:43 UTC
Repository updated: 2025-12-23 09:19:44 UTC
Repository updated: 2025-12-24 09:19:09 UTC
Repository updated: 2025-12-25 09:17:37 UTC
Repository updated: 2025-12-26 09:16:57 UTC
Repository updated: 2025-12-27 09:15:13 UTC
Repository updated: 2025-12-28 09:15:10 UTC
Repository updated: 2025-12-29 09:24:39 UTC
Repository updated: 2025-12-30 09:19:40 UTC
Repository updated: 2025-12-31 09:19:20 UTC
Repository updated: 2026-01-01 09:19:29 UTC
Repository updated: 2026-01-02 09:18:55 UTC
Repository updated: 2026-01-03 09:15:07 UTC
Repository updated: 2026-01-04 09:14:24 UTC
Repository updated: 2026-01-05 09:26:24 UTC
Repository updated: 2026-01-06 09:21:03 UTC
Repository updated: 2026-01-07 09:22:39 UTC
Repository updated: 2026-01-08 09:22:40 UTC
Repository updated: 2026-01-09 09:22:12 UTC
Repository updated: 2026-01-10 09:14:48 UTC
Repository updated: 2026-01-11 09:15:26 UTC
Repository updated: 2026-01-12 09:26:15 UTC
Repository updated: 2026-01-13 09:22:41 UTC
Repository updated: 2026-01-14 09:23:22 UTC
Repository updated: 2026-01-15 09:22:15 UTC
Repository updated: 2026-01-16 09:20:51 UTC
Repository updated: 2026-01-17 09:14:45 UTC
Repository updated: 2026-01-18 09:15:33 UTC
Repository updated: 2026-01-19 09:28:36 UTC
Repository updated: 2026-01-20 09:27:58 UTC
Repository updated: 2026-01-21 09:27:44 UTC
Repository updated: 2026-01-22 09:27:27 UTC
Repository updated: 2026-01-23 09:24:30 UTC
Repository updated: 2026-01-24 09:15:08 UTC
Repository updated: 2026-01-25 09:16:19 UTC
Repository updated: 2026-01-26 09:28:36 UTC
Repository updated: 2026-01-27 09:27:07 UTC
Repository updated: 2026-01-28 09:28:36 UTC
Repository updated: 2026-01-29 09:35:44 UTC
Repository updated: 2026-01-30 09:32:20 UTC
Repository updated: 2026-01-31 09:21:51 UTC
Repository updated: 2026-02-01 09:24:39 UTC
Repository updated: 2026-02-02 09:40:05 UTC
Repository updated: 2026-02-03 09:34:27 UTC
Repository updated: 2026-02-04 09:37:20 UTC
Repository updated: 2026-02-05 09:37:27 UTC
Repository updated: 2026-02-06 09:36:17 UTC
Repository updated: 2026-02-07 09:25:04 UTC
Repository updated: 2026-02-08 09:24:10 UTC
Repository updated: 2026-02-09 09:56:30 UTC
Repository updated: 2026-02-10 09:54:57 UTC
Repository updated: 2026-02-11 09:45:23 UTC
Repository updated: 2026-02-12 09:41:44 UTC
Repository updated: 2026-02-13 09:37:07 UTC
Repository updated: 2026-02-14 09:24:30 UTC
Repository updated: 2026-02-15 09:25:09 UTC
Repository updated: 2026-02-16 09:45:52 UTC
Repository updated: 2026-02-17 09:41:12 UTC
Repository updated: 2026-02-18 09:40:06 UTC
Repository updated: 2026-02-19 09:38:30 UTC
Repository updated: 2026-02-20 09:34:25 UTC
Repository updated: 2026-02-21 09:23:31 UTC
Repository updated: 2026-02-22 09:24:23 UTC
Repository updated: 2026-02-23 09:46:57 UTC
Repository updated: 2026-02-24 09:44:27 UTC
Repository updated: 2026-02-25 09:46:53 UTC
Repository updated: 2026-02-26 09:42:06 UTC
Repository updated: 2026-02-27 09:34:30 UTC
Repository updated: 2026-02-28 09:19:43 UTC
Repository updated: 2026-03-01 09:23:17 UTC
Repository updated: 2026-03-02 09:40:59 UTC
Repository updated: 2026-03-03 09:35:17 UTC
Repository updated: 2026-03-04 09:34:19 UTC
Repository updated: 2026-03-05 09:36:30 UTC
Repository updated: 2026-03-06 09:31:43 UTC
Repository updated: 2026-03-07 09:22:44 UTC
Repository updated: 2026-03-08 09:23:11 UTC
Repository updated: 2026-03-09 09:41:48 UTC
Repository updated: 2026-03-10 09:37:19 UTC
Repository updated: 2026-03-11 09:36:16 UTC
Repository updated: 2026-03-12 09:36:19 UTC
Repository updated: 2026-03-13 09:32:52 UTC
Repository updated: 2026-03-14 09:26:11 UTC
Repository updated: 2026-03-15 09:28:20 UTC
Repository updated: 2026-03-16 09:59:01 UTC
